============================= test session starts =============================
platform win32 -- Python 3.11.9, pytest-7.4.4, pluggy-1.6.0 -- C:\Program Files\Python311\python.exe
cachedir: .pytest_cache
rootdir: C:\Users\bomma\OneDrive\Desktop\quantmllibrary
configfile: setup.cfg
plugins: anyio-4.12.1, cov-4.1.0, xdist-3.8.0
collecting ... collected 104 items

tests/test_activations.py::TestReLU::test_relu_positive PASSED           [  0%]
tests/test_activations.py::TestReLU::test_relu_negative PASSED           [  1%]
tests/test_activations.py::TestReLU::test_relu_zero PASSED               [  2%]
tests/test_activations.py::TestReLU::test_relu_gradient FAILED           [  3%]
tests/test_activations.py::TestSigmoid::test_sigmoid_zero PASSED         [  4%]
tests/test_activations.py::TestSigmoid::test_sigmoid_large_positive PASSED [  5%]
tests/test_activations.py::TestSigmoid::test_sigmoid_large_negative PASSED [  6%]
tests/test_activations.py::TestSigmoid::test_sigmoid_gradient PASSED     [  7%]
tests/test_activations.py::TestTanh::test_tanh_zero PASSED               [  8%]
tests/test_activations.py::TestTanh::test_tanh_range PASSED              [  9%]
tests/test_activations.py::TestTanh::test_tanh_gradient PASSED           [ 10%]
tests/test_activations.py::TestSoftmax::test_softmax_sums_to_one PASSED  [ 11%]
tests/test_activations.py::TestSoftmax::test_softmax_positive PASSED     [ 12%]
tests/test_activations.py::TestSoftmax::test_softmax_ordering PASSED     [ 13%]
tests/test_activations.py::TestLeakyReLU::test_leaky_relu_positive PASSED [ 14%]
tests/test_activations.py::TestLeakyReLU::test_leaky_relu_negative PASSED [ 15%]
tests/test_activations.py::TestGELU::test_gelu_zero PASSED               [ 16%]
tests/test_activations.py::TestGELU::test_gelu_positive PASSED           [ 17%]
tests/test_activations.py::TestSwish::test_swish_zero PASSED             [ 18%]
tests/test_activations.py::TestSwish::test_swish_positive PASSED         [ 19%]
tests/test_claims.py::TestClaims::test_autograd_depth_50 PASSED          [ 20%]
tests/test_claims.py::TestClaims::test_mlp_inference_speed_proxy PASSED  [ 21%]
tests/test_claims.py::TestClaims::test_gradient_check_accuracy PASSED    [ 22%]
tests/test_data.py::test_validate_price_data_valid PASSED                [ 23%]
tests/test_data.py::test_validate_price_data_nan PASSED                  [ 24%]
tests/test_data.py::test_validate_price_data_negative PASSED             [ 25%]
tests/test_data.py::test_check_missing_values PASSED                     [ 25%]
tests/test_data.py::test_generate_data_quality_report PASSED             [ 26%]
tests/test_features.py::test_feature_pipeline_lagged PASSED              [ 27%]
tests/test_features.py::test_feature_pipeline_rolling PASSED             [ 28%]
tests/test_features.py::test_normalize_features PASSED                   [ 29%]
tests/test_features.py::test_momentum_factor PASSED                      [ 30%]
tests/test_features.py::test_mean_reversion_factor PASSED                [ 31%]
tests/test_futures_data.py::test_contract_roll_detection PASSED          [ 32%]
tests/test_futures_data.py::test_overnight_gap_detection PASSED          [ 33%]
tests/test_futures_data.py::test_futures_data_validation PASSED          [ 34%]
tests/test_futures_data.py::test_roll_date_validation PASSED             [ 35%]
tests/test_futures_data.py::test_session_filtering PASSED                [ 36%]
tests/test_futures_data.py::test_missing_data_handling PASSED            [ 37%]
tests/test_gradient_check.py::TestCheckGradients::test_check_gradients_add PASSED [ 38%]
tests/test_gradient_check.py::TestCheckGradients::test_check_gradients_mul PASSED [ 39%]
tests/test_gradient_check.py::TestCheckGradients::test_check_gradients_relu PASSED [ 40%]
tests/test_gradient_check.py::TestCheckGradients::test_check_gradients_sigmoid PASSED [ 41%]
tests/test_gradient_check.py::TestCheckGradients::test_check_gradients_tanh PASSED [ 42%]
tests/test_gradient_check.py::TestCheckGradients::test_check_gradients_power PASSED [ 43%]
tests/test_gradient_check.py::TestQuickGradientCheck::test_quick_check_passes PASSED [ 44%]
tests/test_gradient_check.py::TestQuickGradientCheck::test_quick_check_composition PASSED [ 45%]
tests/test_gradient_check.py::TestPrintResults::test_print_results PASSED [ 46%]
tests/test_gradient_check.py::TestNumericalStability::test_small_values PASSED [ 47%]
tests/test_gradient_check.py::TestNumericalStability::test_large_values PASSED [ 48%]
tests/test_impressive.py::TestImpressive::test_tensor_ops_per_second PASSED [ 49%]
tests/test_impressive.py::TestImpressive::test_precision_exactness PASSED [ 50%]
tests/test_impressive.py::TestImpressive::test_zero_bloat_architecture PASSED [ 50%]
tests/test_leakage.py::test_walk_forward_no_leakage PASSED               [ 51%]
tests/test_leakage.py::test_feature_pipeline_no_lookahead PASSED         [ 52%]
tests/test_leakage.py::test_temporal_ordering PASSED                     [ 53%]
tests/test_leakage.py::test_no_future_features PASSED                    [ 54%]
tests/test_losses.py::TestMSELoss::test_mse_perfect_prediction PASSED    [ 55%]
tests/test_losses.py::TestMSELoss::test_mse_known_value PASSED           [ 56%]
tests/test_losses.py::TestMSELoss::test_mse_gradient FAILED              [ 57%]
tests/test_losses.py::TestMAELoss::test_mae_perfect_prediction PASSED    [ 58%]
tests/test_losses.py::TestMAELoss::test_mae_known_value PASSED           [ 59%]
tests/test_losses.py::TestQuantileLoss::test_quantile_loss_median PASSED [ 60%]
tests/test_losses.py::TestQuantileLoss::test_quantile_loss_invalid_quantile PASSED [ 61%]
tests/test_losses.py::TestSharpeLoss::test_sharpe_loss_returns PASSED    [ 62%]
tests/test_losses.py::TestHuberLoss::test_huber_small_error PASSED       [ 63%]
tests/test_losses.py::TestHuberLoss::test_huber_large_error PASSED       [ 64%]
tests/test_losses.py::TestAsymmetricLoss::test_asymmetric_loss_over_prediction PASSED [ 65%]
tests/test_losses.py::TestMaxDrawdownLoss::test_max_drawdown_loss PASSED [ 66%]
tests/test_losses.py::TestCombinedQuantLoss::test_combined_loss PASSED   [ 67%]
tests/test_models.py::test_linear_forward PASSED                         [ 68%]
tests/test_models.py::test_linear_parameters PASSED                      [ 69%]
tests/test_models.py::test_linear_zero_grad PASSED                       [ 70%]
tests/test_models.py::test_simple_rnn_forward PASSED                     [ 71%]
tests/test_models.py::test_simple_rnn_parameters PASSED                  [ 72%]
tests/test_ops.py::test_add PASSED                                       [ 73%]
tests/test_ops.py::test_mul PASSED                                       [ 74%]
tests/test_ops.py::test_matmul PASSED                                    [ 75%]
tests/test_ops.py::test_sum PASSED                                       [ 75%]
tests/test_ops.py::test_relu PASSED                                      [ 76%]
tests/test_ops.py::test_sigmoid PASSED                                   [ 77%]
tests/test_optimizers.py::TestAdam::test_adam_init FAILED                [ 78%]
tests/test_optimizers.py::TestAdam::test_adam_step PASSED                [ 79%]
tests/test_optimizers.py::TestAdam::test_adam_momentum_update FAILED     [ 80%]
tests/test_optimizers.py::TestSGD::test_sgd_init PASSED                  [ 81%]
tests/test_optimizers.py::TestSGD::test_sgd_step PASSED                  [ 82%]
tests/test_optimizers.py::TestSGD::test_sgd_weight_decay PASSED          [ 83%]
tests/test_optimizers.py::TestRMSProp::test_rmsprop_step PASSED          [ 84%]
tests/test_optimizers.py::TestAdaGrad::test_adagrad_step PASSED          [ 85%]
tests/test_optimizers.py::TestRAdam::test_radam_step FAILED              [ 86%]
tests/test_optimizers.py::TestZeroGrad::test_zero_grad PASSED            [ 87%]
tests/test_tensor.py::test_tensor_creation PASSED                        [ 88%]
tests/test_tensor.py::test_tensor_requires_grad PASSED                   [ 89%]
tests/test_tensor.py::test_tensor_addition PASSED                        [ 90%]
tests/test_tensor.py::test_tensor_multiplication PASSED                  [ 91%]
tests/test_tensor.py::test_tensor_backward PASSED                        [ 92%]
tests/test_tensor.py::test_tensor_zero_grad PASSED                       [ 93%]
tests/test_tensor.py::test_tensor_scalar_ops PASSED                      [ 94%]
tests/test_training.py::test_quant_trainer_init PASSED                   [ 95%]
tests/test_training.py::test_quant_trainer_train_step PASSED             [ 96%]
tests/test_training.py::test_walk_forward_optimizer PASSED               [ 97%]
tests/integration/test_backtest.py::test_backtest_engine_init PASSED     [ 98%]
tests/integration/test_backtest.py::test_backtest_simple PASSED          [ 99%]
tests/integration/test_pipeline.py::test_end_to_end_pipeline PASSED      [100%]

================================== FAILURES ===================================
C:\Users\bomma\OneDrive\Desktop\quantmllibrary\tests\test_activations.py:55: assert array([1., 0.]) == 1.0 ▒ 1.0e-06
C:\Users\bomma\OneDrive\Desktop\quantmllibrary\tests\test_losses.py:50: assert array([3.]) == 2.0 ▒ 2.0e-06
C:\Users\bomma\OneDrive\Desktop\quantmllibrary\tests\test_optimizers.py:20: AssertionError: assert False
C:\Users\bomma\OneDrive\Desktop\quantmllibrary\tests\test_optimizers.py:65: AttributeError: 'Adam' object has no attribute '_m'
C:\Users\bomma\OneDrive\Desktop\quantmllibrary\tests\..\quantml\optim\radam.py:114: ZeroDivisionError: float division by zero
============================== warnings summary ===============================
tests/test_optimizers.py::TestAdam::test_adam_step
tests/test_optimizers.py::TestAdam::test_adam_momentum_update
tests/test_training.py::test_quant_trainer_train_step
tests/integration/test_pipeline.py::test_end_to_end_pipeline
  C:\Users\bomma\OneDrive\Desktop\quantmllibrary\tests\..\quantml\optim\adam.py:129: RuntimeWarning: divide by zero encountered in divide
    m_hat = m / bias_correction1

tests/test_optimizers.py::TestAdam::test_adam_step
tests/test_optimizers.py::TestAdam::test_adam_momentum_update
tests/test_training.py::test_quant_trainer_train_step
tests/integration/test_pipeline.py::test_end_to_end_pipeline
  C:\Users\bomma\OneDrive\Desktop\quantmllibrary\tests\..\quantml\optim\adam.py:130: RuntimeWarning: divide by zero encountered in divide
    v_hat = v / bias_correction2

tests/test_optimizers.py::TestAdam::test_adam_step
tests/test_optimizers.py::TestAdam::test_adam_momentum_update
tests/test_training.py::test_quant_trainer_train_step
tests/integration/test_pipeline.py::test_end_to_end_pipeline
  C:\Users\bomma\OneDrive\Desktop\quantmllibrary\tests\..\quantml\optim\adam.py:134: RuntimeWarning: invalid value encountered in divide
    update = m_hat / v_hat_sqrt

-- Docs: https://docs.pytest.org/en/stable/how-to/capture-warnings.html
=========================== short test summary info ===========================
FAILED tests/test_activations.py::TestReLU::test_relu_gradient - assert array...
FAILED tests/test_losses.py::TestMSELoss::test_mse_gradient - assert array([3...
FAILED tests/test_optimizers.py::TestAdam::test_adam_init - AssertionError: a...
FAILED tests/test_optimizers.py::TestAdam::test_adam_momentum_update - Attrib...
FAILED tests/test_optimizers.py::TestRAdam::test_radam_step - ZeroDivisionErr...
================== 5 failed, 99 passed, 12 warnings in 5.67s ==================
